// Jest Snapshot v1, https://goo.gl/fbAQLP

exports[`should render Header correctly 1`] = `
<div>
  <h1>
    Expensify
  </h1>
  <p>
    <NavLink
      activeClassName="is-active"
      ariaCurrent="true"
      exact={true}
      to="/"
    >
      Home
    </NavLink>
    <NavLink
      activeClassName="is-active"
      ariaCurrent="true"
      to="/create"
    >
      Create
    </NavLink>
    <NavLink
      activeClassName="is-active"
      ariaCurrent="true"
      to="/help"
    >
      Help
    </NavLink>
  </p>
</div>
`;
